     Assembly listing for: multiplicacion.mas
                Assembled: Mon Apr 16 09:35:52 COT 2018

         |         ORG 100           
100 110F |         LOAD a            
101 2124 |         STORE mop1        
102 1110 |         LOAD b            
103 2125 |         STORE mop2        
104 0114 |         JNS mult          
105 2124 |         STORE mop1        
106 1111 |         LOAD c            
107 2125 |         STORE mop2        
108 0114 |         JNS mult          
109 2113 |         STORE res         
10A 7000 |         HALT              
10B 5000 |         INPUT             
10C 210F |         STORE a           
10D 5000 |         INPUT             
10E 2110 |         STORE b           
10F 0014 |  a      DEC 20            
110 0005 |  b      DEC 5             
111 0003 |  c      DEC 3             
112 0001 |  uno    DEC 1             
113 0000 |  res    DEC 0             
114 0000 |  mult   DEC 0             
115 A000 |         CLEAR             
116 2126 |         STORE mi          
117 2127 |         STORE mr          
118 4125 |  mwhile SUBT mop2         
119 8000 |         SKIPCOND 000      
11A 9122 |         JUMP mret         
11B 1127 |         LOAD mr           
11C 3124 |         ADD mop1          
11D 2127 |         STORE mr          
11E 1126 |         LOAD mi           
11F 3112 |         ADD uno           
120 2126 |         STORE mi          
121 9118 |         JUMP mwhile       
122 1127 |  mret   LOAD mr           
123 C114 |         JUMPI mult        
124 0000 |  mop1   DEC 0             
125 0000 |  mop2   DEC 0             
126 0000 |  mi     DEC 0             
127 0000 |  mr     DEC 0             

Assembly successful.

         SYMBOL TABLE
         --------------------------------------------------
          Symbol | Defined | References 
         --------+---------+-------------------------------
          a      |   10F   | 100, 10C
          b      |   110   | 102, 10E
          c      |   111   | 106
          mi     |   126   | 116, 11E, 120
          mop1   |   124   | 101, 105, 11C
          mop2   |   125   | 103, 107, 118
          mr     |   127   | 117, 11B, 11D, 122
          mret   |   122   | 11A
          mult   |   114   | 104, 108, 123
          mwhile |   118   | 121
          res    |   113   | 109
          uno    |   112   | 11F
         --------------------------------------------------

