     Assembly listing for: Division.mas
                Assembled: Tue Apr 17 18:13:53 COT 2018

000 5000 |         INPUT             
001 2010 |         STORE x           
002 5000 |         INPUT             
003 2011 |         STORE y           
         |                          
004 1010 |  loop   LOAD x            
005 4011 |         SUBT y            
006 8800 |         SKIPCOND 800      
007 900D |         JUMP end          
008 2010 |         STORE x           
009 1012 |         LOAD count        
00A 3013 |         ADD uno           
00B 2012 |         STORE count       
00C 9004 |         JUMP loop         
         |                          
00D 1012 |  end    LOAD count        
00E 6000 |         OUTPUT            
00F 7000 |         HALT              
         |                          
010 0000 |  x      DEC 0             
011 0000 |  y      DEC 0             
012 0000 |  count  DEC 0             
013 0001 |  uno    DEC 1             

Assembly successful.

         SYMBOL TABLE
         --------------------------------------------------
          Symbol | Defined | References 
         --------+---------+-------------------------------
          count  |   012   | 009, 00B, 00D
          end    |   00D   | 007
          loop   |   004   | 00C
          uno    |   013   | 00A
          x      |   010   | 001, 004, 008
          y      |   011   | 003, 005
         --------------------------------------------------

